=== diar suite start ===
/Users/yonatanohayon/Desktop/BRS_Model-main/.venv/lib/python3.12/site-packages/pyannote/audio/models/blocks/pooling.py:104: UserWarning: std(): degrees of freedom is <= 0. Correction should be strictly less than the reduction factor (input numel divided by output numel). (Triggered internally at /Users/runner/work/pytorch/pytorch/pytorch/aten/src/ATen/native/ReduceOps.cpp:1760.)
  std = sequences.std(dim=-1, correction=1)
d_ns2 load 1.85 diarize 228.78 steps {'segmentation': {'span_sec': 5.95, 'calls': 9, 't_first': 0.02}, 'speaker_counting': {'span_sec': 0.0, 'calls': 1, 't_first': 5.99}, 'embeddings': {'span_sec': 222.5, 'calls': 19, 't_first': 6.17}, 'discrete_diarization': {'span_sec': 0.0, 'calls': 1, 't_first': 228.73}} speakers 2 rss_mb 2614.8
/Users/yonatanohayon/Desktop/BRS_Model-main/.venv/lib/python3.12/site-packages/pyannote/audio/models/blocks/pooling.py:104: UserWarning: std(): degrees of freedom is <= 0. Correction should be strictly less than the reduction factor (input numel divided by output numel). (Triggered internally at /Users/runner/work/pytorch/pytorch/pytorch/aten/src/ATen/native/ReduceOps.cpp:1760.)
  std = sequences.std(dim=-1, correction=1)
d_free load 1.9 diarize 228.29 steps {'segmentation': {'span_sec': 6.54, 'calls': 9, 't_first': 0.03}, 'speaker_counting': {'span_sec': 0.0, 'calls': 1, 't_first': 6.59}, 'embeddings': {'span_sec': 221.39, 'calls': 19, 't_first': 6.74}, 'discrete_diarization': {'span_sec': 0.0, 'calls': 1, 't_first': 228.22}} speakers 3 rss_mb 2614.9
/Users/yonatanohayon/Desktop/BRS_Model-main/.venv/lib/python3.12/site-packages/pyannote/audio/models/blocks/pooling.py:104: UserWarning: std(): degrees of freedom is <= 0. Correction should be strictly less than the reduction factor (input numel divided by output numel). (Triggered internally at /Users/runner/work/pytorch/pytorch/pytorch/aten/src/ATen/native/ReduceOps.cpp:1760.)
  std = sequences.std(dim=-1, correction=1)
vadcrop: 151.9s of 185.5s kept in 39 regions
d_vadcrop load 1.7 diarize 180.43 steps {'segmentation': {'span_sec': 4.82, 'calls': 8, 't_first': 0.0}, 'speaker_counting': {'span_sec': 0.0, 'calls': 1, 't_first': 4.84}, 'embeddings': {'span_sec': 175.36, 'calls': 16, 't_first': 4.98}, 'discrete_diarization': {'span_sec': 0.0, 'calls': 1, 't_first': 180.39}} speakers 2 rss_mb 2639.1
=== parallel demo start ===
asr done at 313.0s
diar done at 357.0s
PARALLEL combined wall: 357.0 s
par_asr load 5.59 transcribe 306.18 words 312 rss_mb 2262.0
par_diar load 2.67 diarize 344.32 steps {'segmentation': {'span_sec': 10.08, 'calls': 9, 't_first': 0.03}, 'speaker_counting': {'span_sec': 0.0, 'calls': 1, 't_first': 10.14}, 'embeddings': {'span_sec': 333.74, 'calls': 19, 't_first': 10.45}, 'discrete_diarization': {'span_sec': 0.0, 'calls': 1, 't_first': 344.26}} speakers 2 rss_mb 2602.0
=== silero mem ===
silero_vad: 5.61s, 55 segments, peak_rss=238.5 MB (baseline before torch import 8.3 MB)
=== asr profile ===


segments: 48
ALL_SUITE_DONE
