2026-09-15 01:05:22,503 INFO callqa.asr.faster_whisper_engine: faster-whisper model loaded from models/ivrit-whisper-large-v3-turbo-ct2
2026-09-15 01:05:22,505 WARNING callqa.redaction: presidio not installed; using built-in regex redactor
2026-09-15 01:05:22,506 INFO callqa.engines: engines built: asr=FasterWhisperEngine judge=MockJudge mock=False
2026-09-15 01:05:22,508 WARNING callqa: Call_001.m4a has no row in metadata.csv; processing with defaults (banker unknown, channel L, banker name not redacted)
2026-09-15 01:05:22,703 INFO callqa.ingestion: ingestion done: call_id=REAL002 channels=2 duration=185.6s
2026-09-15 01:05:22,981 WARNING callqa.audio: call_id=REAL002: file declares 2 channels but they are dual_mono; treating it as a mono recording (speaker attribution will need diarization)
2026-09-15 01:05:28,045 INFO callqa.audio: audio done: call_id=REAL002 layout=dual_mono vad=silero segments=55
2026-09-15 01:05:28,202 INFO faster_whisper: Processing audio with duration 03:05.526
2026-09-15 01:05:29,292 INFO faster_whisper: VAD filter removed 00:13.680 of audio
2026-09-15 01:07:26,483 INFO speechbrain.utils.quirks: Applied quirks (see `speechbrain.utils.quirks`): [disable_jit_profiling, allow_tf32]
2026-09-15 01:07:26,498 INFO speechbrain.utils.quirks: Excluded quirks specified by the `SB_DISABLE_QUIRKS` environment (comma-separated list): []
2026-09-15 01:07:28,220 INFO callqa.speakers.pyannote_engine: diarization pipeline loaded: model=pyannote/speaker-diarization-3.1 device=cpu
/Users/yonatanohayon/Desktop/BRS_Model-main/.venv/lib/python3.12/site-packages/pyannote/audio/models/blocks/pooling.py:104: UserWarning: std(): degrees of freedom is <= 0. Correction should be strictly less than the reduction factor (input numel divided by output numel). (Triggered internally at /Users/runner/work/pytorch/pytorch/pytorch/aten/src/ATen/native/ReduceOps.cpp:1760.)
  std = sequences.std(dim=-1, correction=1)
/Library/Frameworks/Python.framework/Versions/3.12/lib/python3.12/multiprocessing/resource_tracker.py:254: UserWarning: resource_tracker: There appear to be 1 leaked semaphore objects to clean up at shutdown
  warnings.warn('resource_tracker: There appear to be %d '
2026-09-15 01:15:38,933 INFO callqa.asr.faster_whisper_engine: faster-whisper model loaded from models/ivrit-whisper-large-v3-turbo-ct2
2026-09-15 01:15:38,935 WARNING callqa.redaction: presidio not installed; using built-in regex redactor
2026-09-15 01:15:38,936 INFO callqa.engines: engines built: asr=FasterWhisperEngine judge=MockJudge mock=False
2026-09-15 01:15:38,938 WARNING callqa: Call_001.m4a has no row in metadata.csv; processing with defaults (banker unknown, channel L, banker name not redacted)
2026-09-15 01:15:46,792 INFO speechbrain.utils.quirks: Applied quirks (see `speechbrain.utils.quirks`): [allow_tf32, disable_jit_profiling]
2026-09-15 01:15:46,792 INFO speechbrain.utils.quirks: Excluded quirks specified by the `SB_DISABLE_QUIRKS` environment (comma-separated list): []
2026-09-15 01:16:48,309 WARNING callqa.redaction: presidio not installed; using built-in regex redactor
2026-09-15 01:16:48,309 INFO callqa.engines: engines built: asr=FasterWhisperEngine judge=MockJudge mock=False
2026-09-15 01:16:48,310 WARNING callqa: Call_001.m4a has no row in metadata.csv; processing with defaults (banker unknown, channel L, banker name not redacted)
2026-09-15 01:16:52,877 INFO speechbrain.utils.quirks: Applied quirks (see `speechbrain.utils.quirks`): [disable_jit_profiling, allow_tf32]
2026-09-15 01:16:52,885 INFO speechbrain.utils.quirks: Excluded quirks specified by the `SB_DISABLE_QUIRKS` environment (comma-separated list): []
